"Appendix C.3 effective-mass Wolfram audit"
"Assumptions: a>0, c>0, B>0, rhoAbs=|rho_S|>0; dmu is real with branch restrictions when needed."
"Eq. C.28: m_eff(up-) = B/v_up-: PASS"
"Eq. C.29: m_eff(down-) = B/v_down-: PASS"
"Upper-branch parabolic mass limit, up+: PASS"
"Upper-branch parabolic mass limit, down+: PASS"
"Eq. C.30 leading anomalous-bulk mass, up-: PASS"
"Eq. C.30 leading anomalous-bulk mass, down-: PASS"
"Subleading constants are (-1/2a,+1/2a) for (up-,down-): PASS"
"Eq. C.31: n*(B)=|rho_S|/D=2 Pi |rho_S|/B: PASS"
"Eq. C.32: k_n*^2 ~= 2 n* B = 4 Pi |rho_S|: PASS"
"Eq. C.33 input: up- weak-field dispersion has +c^2 B/Delta(k): PASS"
"Eq. C.33 input: down- weak-field dispersion has -c^2 B/Delta(k): PASS"
"Eq. C.33: fixed-density delta mu is linear in B: PASS"
"Eq. C.34 first equality from substituting delta_mu(B): PASS"
"Eq. C.34 second equality: Delta^2/(2ac^2 B)=1/(aB tr g): PASS"
"Fixed-density scaling: m_eff(B,mu_rho(B)) is proportional to 1/B: PASS"
"Fixed-mu scaling contrast: anomalous bulk mass is proportional to B at fixed dmu: PASS"
"Absolute active-density convention keeps k_n*^2 positive: PASS"
"NOTE: rhoAbs represents |rho_S| in Appendix C.3; the detailed sector convention is defined in Appendix D."
"Checks run: 17; failures: 0"